		---------------- Git -----------------



1. Add user to Local git
	->1.1-All users
	->1.2-global
	->1.3-Local
	command listed below
	> git config --global user.name "your username"
	> git config -global user.email "your mail id"
	> git config --list (it shows your username and useremail
	admin@admins-iMac Project % git config --list
	credential.helper=osxkeychain
	user.name=iAaquibjawed
	user.email=aauib@berylsystems.com
	core.repositoryformatversion=0
	core.filemode=true
	core.bare=false
	core.logallrefupdates=true
	core.ignorecase=true
	core.precomposeunicode=true
	remote.origin.url=https://github.com/iAaquibjawed/Berylsystems.git
	remote.origin.fetch=+refs/heads/*:refs/remotes/origin/*
	branch.main.remote=origin
	branch.main.merge=refs/heads/main
2. Create your project folder, add file in it.

3. Initialise the git repo. 
	> git init

3. Add the file to local repo.
	admin@admins-iMac Project % git add filename

4. Check status.
	admin@admins-iMac Project % git status
	On branch main
	Your branch is up to date with 'origin/main'.

	Untracked files:
  	(use "git add <file>..." to include in what will be committed)
	GitCommand.txt

	nothing added to commit but untracked files present (use "git add" to track)

 
5. Commit the file.
	admin@admins-iMac Project % git commit -m "first commit" -m "short description"
	[main (root-commit) 4ab2c5a] First file first commit
  	1 file changed, 95 insertions(+)
  	create mode 100644 GitCommand.txt

6. Make a connection between local and remote repo.
	admin@admins-iMac Project % git remote add origin https://github.com/iAaquibjawed/	Berylsystems.git


7. Push the file to remote repo.
	[main 6daa8ee] Git Commands
 	1 file changed, 95 insertions(+)
 	create mode 100644 GitCommand.txt
	admin@admins-iMac Project % git push
	Enumerating objects: 4, done.
	Counting objects: 100% (4/4), done.
	Delta compression using up to 4 threads
	Compressing objects: 100% (3/3), done.
	Writing objects: 100% (3/3), 1.20 KiB | 1.20 MiB/s, done.
	Total 3 (delta 0), reused 0 (delta 0)
	To https://github.com/iAaquibjawed/Berylsystems.git
   	54f9a6b..6daa8ee  main -> main
8. Get the information from the remote.
	admin@admins-iMac Project % git remote show origin 
	* remote origin
  	Fetch URL: https://github.com/iAaquibjawed/Berylsystems.git
  	Push  URL: https://github.com/iAaquibjawed/Berylsystems.git
 	 HEAD branch: main
  	Remote branch:
  	  main tracked
 	 Local branch configured for 'git pull':
  	  main merges with remote main
 	 Local ref configured for 'git push':
 	   main pushes to main (up to date)
	admin@admins-iMac Project % 
9. Branching in Git.
	1.create a local branch
	admin@admins-iMac new % git branch local 
	admin@admins-iMac Github % git branch temp
	admin@admins-iMac Github % git checkout temp
	M	Github/GitCommand.txt
	Switched to branch 'temp'
	admin@admins-iMac Github % git branch -v
 	 main bb376ab update
	* temp bb376ab update
	admin@admins-iMac Github % git push -u origin temp
	Total 0 (delta 0), reused 0 (delta 0)
	remote: This repository moved. Please use the new location:
	remote:   https://github.com/iAaquibjawed/Training.git
	remote: 
	remote: Create a pull request for 'temp' on GitHub by visiting:
	remote:      https://github.com/iAaquibjawed/Training/pull/new/temp
	remote: 
	To https://github.com/iAaquibjawed/Berylsystems.git
	 * [new branch]      temp -> temp
	Branch 'temp' set up to track remote branch 'temp' from 'origin'.
	admin@admins-iMac Github % git branch -a
	 main
	* temp
  	remotes/origin/main
  	remotes/origin/temp
	admin@admins-iMac Github % git branch -a
 	 main
	* temp
 	 remotes/origin/main
 	 remotes/origin/temp
9. Delete Branch
	1. delete locally 
	admin@admins-iMac Github % git branch -d temp
	error: The branch 'temp' is not fully merged.
	If you are sure you want to delete it, run 'git branch -D temp'.
	2. delete remotely
	admin@admins-iMac Github % git push origin --delete temp
	remote: This repository moved. Please use the new location:
	remote:   https://github.com/iAaquibjawed/Training.git
	To https://github.com/iAaquibjawed/Berylsystems.git

10. Merege the branch
	admin@admins-iMac new % git branch tempo
	admin@admins-iMac new % git checkout tempo
	Switched to branch 'tempo'
	admin@admins-iMac new % git add hello.txt
	admin@admins-iMac new % git commit -m "new"
	On branch tempo
	Changes not staged for commit:
		modified:   text.txt

	no changes added to commit
	admin@admins-iMac new % git add text.txt
	admin@admins-iMac new % git commit --m "add"
	[tempo 4bf7d71] add
	 1 file changed, 1 insertion(+)
	admin@admins-iMac new % git push 
	fatal: The current branch tempo has no upstream branch.
	To push the current branch and set the remote as upstream, use

    	git push --set-upstream origin tempo

	admin@admins-iMac new % git push -u origin tempo
	Enumerating objects: 8, done.
	Counting objects: 100% (8/8), done.
	Delta compression using up to 4 threads
	Compressing objects: 100% (4/4), done.
		Writing objects: 100% (6/6), 572 bytes | 572.00 KiB/s, done.
	Total 6 (delta 0), reused 0 (delta 0)
	remote: 
	remote: Create a pull request for 'tempo' on GitHub by visiting:
	remote:      https://github.com/iAaquibjawed/Practice/pull/new/tempo
	remote: 
	To https://github.com/iAaquibjawed/Practice.git
	 * [new branch]      tempo -> tempo
	Branch 'tempo' set up to track remote branch 'tempo' from 'origin'.
	admin@admins-iMac new % git checkout master 
	Switched to branch 'master'
	admin@admins-iMac new % git branch --merged 
	* master
	admin@admins-iMac new % git merge tempo
	Updating 32a0882..4bf7d71
	Fast-forward
	 text.txt | 1 +
	 1 file changed, 1 insertion(+)
	admin@admins-iMac new % git push    
	fatal: The current branch master has no upstream branch.
	To push the current branch and set the remote as upstream, use

    	git push --set-upstream origin master

	admin@admins-iMac new % git push origin master
	Total 0 (delta 0), reused 0 (delta 0)
	To https://github.com/iAaquibjawed/Practice.git
  	 ba0cf9b..4bf7d71  master -> master














